getScreenWidth(void)
getScreenHeight(void)
initWithActivity(ANativeActivity *)
supportsVibration(void)
getImagePath(std::string const&,bool)
updateStatsUserData(std::string const&,std::string const&)
statsTrackData(std::string const&,std::string const&)
clearSessionIDAndRefreshToken(void)
setLoginInformation(LoginInformation const&)
abortWebRequest(int)
getWebRequestStatus(int)
webRequest(int,long long,std::string const&,std::string const&,std::string const&,std::string const&)
getKeyFromKeyCode(int,int,int)
updateTextBoxText(std::string const&)
hideKeyboard(void)
openLoginWindow(void)
isNetworkEnabled(bool)
isPowerVR(void)
vibrate(int)
supportsTouchscreen(void)
finish(void)
buyGame(void)
hasBuyButtonWhenInvalidLicense(void)
checkLicense(void)
readAssetFile(std::string const&)
loadTGA(ImageData &,std::string const&,bool)
uploadPlatformDependentData(int,void *)
playSound(std::string const&,float,float)
getPixelsPerMillimeter(void)
getUserInputStatus(void)
createUserInput(void)
showDialog(int)
loadPNG(ImageData &,std::string const&,bool)
showKeyboard(std::string const&,int,bool)
getLoginInformation(void)
getWebRequestContent(int)
getPlatformStringVar(int)
getDateString(int)
AppPlatform_android(void)
init(_JavaVM *)
convertOpenGlToAndroidPixels(int,int,uint *)
saveScreenshot(std::string const&,int,int)
~AppPlatform_android()
~AppPlatform_android()
getUserInput(void)
